[2026-04-28T08:23:35.630Z] GET http://localhost:8080/ → 200 (7ms, 23155B)
[2026-04-28T08:23:35.645Z] GET https://fonts.googleapis.com/css2?family=Bebas+Neue&family=Share+Tech+Mono&family=Cormorant+Garamond:ital,wght@0,300;0,400;1,300&display=swap → pending (?ms, ?B)
[2026-04-28T08:23:35.645Z] GET http://localhost:8080/style.css → 200 (6ms, 39787B)
[2026-04-28T08:23:35.645Z] GET http://localhost:8080/main.js → 200 (8ms, 21711B)
[2026-04-28T08:23:35.655Z] GET https://unpkg.com/three@0.170.0/build/three.module.js → pending (?ms, ?B)
[2026-04-28T08:23:35.655Z] GET https://unpkg.com/three@0.170.0/examples/jsm/renderers/CSS3DRenderer.js → pending (?ms, ?B)
[2026-04-28T08:23:43.370Z] GET http://localhost:8080/assets/ba-before.png → 200 (9ms, 878838B)
[2026-04-28T08:23:43.370Z] GET http://localhost:8080/assets/ba-after.png → 200 (15ms, ?B)
[2026-04-28T08:23:43.371Z] GET http://localhost:8080/assets/dent-before.png → 200 (15ms, ?B)
[2026-04-28T08:23:43.376Z] GET http://localhost:8080/assets/dent-after.png → 200 (3ms, 622050B)
[2026-04-28T08:23:43.376Z] GET http://localhost:8080/assets/bumper-before.png → 200 (10ms, ?B)
[2026-04-28T08:23:43.376Z] GET http://localhost:8080/assets/bumper-after.png → 200 (10ms, ?B)
[2026-04-28T08:23:43.376Z] GET http://localhost:8080/assets/paint-before.png → 200 (12ms, ?B)
[2026-04-28T08:23:43.376Z] GET http://localhost:8080/assets/paint-after.png → 200 (12ms, ?B)
[2026-04-28T08:23:43.377Z] GET http://localhost:8080/assets/scratch-before.png → 200 (11ms, ?B)
[2026-04-28T08:23:43.377Z] GET http://localhost:8080/assets/scratch-after.png → 200 (12ms, ?B)
[2026-04-28T08:23:43.377Z] GET http://localhost:8080/assets/accident-before.png → 200 (16ms, ?B)
[2026-04-28T08:23:43.377Z] GET http://localhost:8080/assets/polish-before.png → 200 (19ms, ?B)
[2026-04-28T08:23:43.377Z] GET http://localhost:8080/assets/polish-after.png → 200 (20ms, ?B)
[2026-04-28T08:23:43.377Z] GET https://fonts.gstatic.com/s/cormorantgaramond/v21/co3bmX5slCNuHLi8bLeY9MK7whWMhyjYqXtK.woff2 → pending (?ms, ?B)
[2026-04-28T08:23:43.377Z] GET https://fonts.gstatic.com/s/sharetechmono/v16/J7aHnp1uDWRBEqV98dVQztYldFcLowEF.woff2 → pending (?ms, ?B)
[2026-04-28T08:23:43.377Z] GET https://fonts.gstatic.com/s/bebasneue/v16/JTUSjIg69CK48gW7PXoo9Wlhyw.woff2 → pending (?ms, ?B)
[2026-04-28T08:23:43.377Z] GET https://fonts.gstatic.com/s/cormorantgaramond/v21/co3smX5slCNuHLi8bLeY9MK7whWMhyjYrGFEsdtdc62E6zd5rDD-iNM8.woff2 → pending (?ms, ?B)
[2026-04-28T08:23:43.467Z] GET http://localhost:8080/frames/00001.jpg → 200 (99ms, ?B)
[2026-04-28T08:23:43.467Z] GET http://localhost:8080/frames/00002.jpg → 200 (100ms, ?B)
[2026-04-28T08:23:43.467Z] GET http://localhost:8080/frames/00003.jpg → 200 (101ms, ?B)
[2026-04-28T08:23:43.467Z] GET http://localhost:8080/frames/00004.jpg → 200 (101ms, ?B)
[2026-04-28T08:23:43.467Z] GET http://localhost:8080/frames/00005.jpg → 200 (103ms, ?B)
[2026-04-28T08:23:43.467Z] GET http://localhost:8080/frames/00006.jpg → 200 (103ms, ?B)
[2026-04-28T08:23:43.467Z] GET http://localhost:8080/frames/00007.jpg → 200 (103ms, ?B)
[2026-04-28T08:23:43.467Z] GET http://localhost:8080/frames/00008.jpg → pending (?ms, ?B)
[2026-04-28T08:23:43.467Z] GET http://localhost:8080/frames/00009.jpg → pending (?ms, ?B)
[2026-04-28T08:23:43.467Z] GET http://localhost:8080/frames/00010.jpg → pending (?ms, ?B)
[2026-04-28T08:23:43.481Z] GET http://localhost:8080/frames/00011.jpg → pending (?ms, ?B)
[2026-04-28T08:23:43.481Z] GET http://localhost:8080/frames/00012.jpg → pending (?ms, ?B)
[2026-04-28T08:23:43.481Z] GET http://localhost:8080/frames/00013.jpg → pending (?ms, ?B)
[2026-04-28T08:23:43.481Z] GET http://localhost:8080/frames/00014.jpg → pending (?ms, ?B)
[2026-04-28T08:23:43.481Z] GET http://localhost:8080/frames/00015.jpg → pending (?ms, ?B)
[2026-04-28T08:23:43.481Z] GET http://localhost:8080/frames/00016.jpg → pending (?ms, ?B)
[2026-04-28T08:23:43.481Z] GET http://localhost:8080/frames/00017.jpg → pending (?ms, ?B)
[2026-04-28T08:23:43.481Z] GET http://localhost:8080/frames/00018.jpg → pending (?ms, ?B)
[2026-04-28T08:23:43.481Z] GET http://localhost:8080/frames/00019.jpg → pending (?ms, ?B)
[2026-04-28T08:23:43.481Z] GET http://localhost:8080/frames/00020.jpg → pending (?ms, ?B)
[2026-04-28T08:23:43.481Z] GET http://localhost:8080/frames/00021.jpg → pending (?ms, ?B)
[2026-04-28T08:23:43.482Z] GET http://localhost:8080/frames/00022.jpg → pending (?ms, ?B)
[2026-04-28T08:23:43.482Z] GET http://localhost:8080/frames/00023.jpg → pending (?ms, ?B)
[2026-04-28T08:23:43.482Z] GET http://localhost:8080/frames/00024.jpg → pending (?ms, ?B)
[2026-04-28T08:23:43.482Z] GET http://localhost:8080/frames/00025.jpg → pending (?ms, ?B)
[2026-04-28T08:23:43.482Z] GET http://localhost:8080/frames/00026.jpg → pending (?ms, ?B)
[2026-04-28T08:23:43.482Z] GET http://localhost:8080/frames/00027.jpg → pending (?ms, ?B)
[2026-04-28T08:23:43.482Z] GET http://localhost:8080/frames/00028.jpg → pending (?ms, ?B)
[2026-04-28T08:23:43.482Z] GET http://localhost:8080/frames/00029.jpg → pending (?ms, ?B)
[2026-04-28T08:23:43.482Z] GET http://localhost:8080/frames/00030.jpg → pending (?ms, ?B)
[2026-04-28T08:23:43.482Z] GET http://localhost:8080/frames/00031.jpg → pending (?ms, ?B)
[2026-04-28T08:23:43.482Z] GET http://localhost:8080/frames/00032.jpg → pending (?ms, ?B)
[2026-04-28T08:23:43.482Z] GET http://localhost:8080/frames/00033.jpg → pending (?ms, ?B)
[2026-04-28T08:23:43.482Z] GET http://localhost:8080/frames/00034.jpg → pending (?ms, ?B)
[2026-04-28T08:23:43.482Z] GET http://localhost:8080/frames/00035.jpg → pending (?ms, ?B)
[2026-04-28T08:23:43.482Z] GET http://localhost:8080/frames/00036.jpg → pending (?ms, ?B)
[2026-04-28T08:23:43.482Z] GET http://localhost:8080/frames/00037.jpg → pending (?ms, ?B)
[2026-04-28T08:23:43.482Z] GET http://localhost:8080/frames/00038.jpg → pending (?ms, ?B)
[2026-04-28T08:23:43.482Z] GET http://localhost:8080/frames/00039.jpg → pending (?ms, ?B)
[2026-04-28T08:23:43.482Z] GET http://localhost:8080/frames/00040.jpg → pending (?ms, ?B)
[2026-04-28T08:23:43.482Z] GET http://localhost:8080/frames/00041.jpg → pending (?ms, ?B)
[2026-04-28T08:23:43.482Z] GET http://localhost:8080/frames/00042.jpg → pending (?ms, ?B)
[2026-04-28T08:23:43.482Z] GET http://localhost:8080/frames/00043.jpg → pending (?ms, ?B)
[2026-04-28T08:23:43.482Z] GET http://localhost:8080/frames/00044.jpg → pending (?ms, ?B)
[2026-04-28T08:23:43.482Z] GET http://localhost:8080/frames/00045.jpg → pending (?ms, ?B)
[2026-04-28T08:23:43.482Z] GET http://localhost:8080/frames/00046.jpg → pending (?ms, ?B)
[2026-04-28T08:23:43.482Z] GET http://localhost:8080/frames/00047.jpg → pending (?ms, ?B)
[2026-04-28T08:23:43.483Z] GET http://localhost:8080/frames/00048.jpg → pending (?ms, ?B)
[2026-04-28T08:23:43.483Z] GET http://localhost:8080/frames/00049.jpg → pending (?ms, ?B)
[2026-04-28T08:23:43.483Z] GET http://localhost:8080/frames/00050.jpg → pending (?ms, ?B)
[2026-04-28T08:23:43.483Z] GET http://localhost:8080/frames/00051.jpg → pending (?ms, ?B)
[2026-04-28T08:23:43.483Z] GET http://localhost:8080/frames/00052.jpg → pending (?ms, ?B)
[2026-04-28T08:23:43.483Z] GET http://localhost:8080/frames/00053.jpg → pending (?ms, ?B)
[2026-04-28T08:23:43.483Z] GET http://localhost:8080/frames/00054.jpg → pending (?ms, ?B)
[2026-04-28T08:23:43.483Z] GET http://localhost:8080/frames/00055.jpg → pending (?ms, ?B)
[2026-04-28T08:23:43.483Z] GET http://localhost:8080/frames/00056.jpg → pending (?ms, ?B)
[2026-04-28T08:23:43.483Z] GET http://localhost:8080/frames/00057.jpg → pending (?ms, ?B)
[2026-04-28T08:23:43.483Z] GET http://localhost:8080/frames/00058.jpg → pending (?ms, ?B)
[2026-04-28T08:23:43.484Z] GET http://localhost:8080/frames/00059.jpg → pending (?ms, ?B)
[2026-04-28T08:23:43.484Z] GET http://localhost:8080/frames/00060.jpg → pending (?ms, ?B)
[2026-04-28T08:23:43.484Z] GET http://localhost:8080/frames/00061.jpg → pending (?ms, ?B)
[2026-04-28T08:23:43.484Z] GET http://localhost:8080/frames/00062.jpg → pending (?ms, ?B)
[2026-04-28T08:23:43.484Z] GET http://localhost:8080/frames/00063.jpg → pending (?ms, ?B)
[2026-04-28T08:23:43.484Z] GET http://localhost:8080/frames/00064.jpg → pending (?ms, ?B)
[2026-04-28T08:23:43.484Z] GET http://localhost:8080/frames/00065.jpg → pending (?ms, ?B)
[2026-04-28T08:23:43.484Z] GET http://localhost:8080/frames/00066.jpg → pending (?ms, ?B)
[2026-04-28T08:23:43.484Z] GET http://localhost:8080/frames/00067.jpg → pending (?ms, ?B)
[2026-04-28T08:23:43.484Z] GET http://localhost:8080/frames/00068.jpg → pending (?ms, ?B)
[2026-04-28T08:23:43.484Z] GET http://localhost:8080/frames/00069.jpg → pending (?ms, ?B)
[2026-04-28T08:23:43.484Z] GET http://localhost:8080/frames/00070.jpg → pending (?ms, ?B)
[2026-04-28T08:23:43.484Z] GET http://localhost:8080/frames/00071.jpg → pending (?ms, ?B)
[2026-04-28T08:23:43.484Z] GET http://localhost:8080/frames/00072.jpg → pending (?ms, ?B)
[2026-04-28T08:23:43.484Z] GET http://localhost:8080/frames/00073.jpg → pending (?ms, ?B)
[2026-04-28T08:23:43.485Z] GET http://localhost:8080/frames/00074.jpg → pending (?ms, ?B)
[2026-04-28T08:23:43.485Z] GET http://localhost:8080/frames/00075.jpg → pending (?ms, ?B)
[2026-04-28T08:23:43.485Z] GET http://localhost:8080/frames/00076.jpg → pending (?ms, ?B)
[2026-04-28T08:23:43.485Z] GET http://localhost:8080/frames/00077.jpg → pending (?ms, ?B)
[2026-04-28T08:23:43.485Z] GET http://localhost:8080/frames/00078.jpg → pending (?ms, ?B)
[2026-04-28T08:23:43.485Z] GET http://localhost:8080/frames/00079.jpg → pending (?ms, ?B)
[2026-04-28T08:23:43.485Z] GET http://localhost:8080/frames/00080.jpg → pending (?ms, ?B)
[2026-04-28T08:23:43.485Z] GET http://localhost:8080/frames/00081.jpg → pending (?ms, ?B)
[2026-04-28T08:23:43.485Z] GET http://localhost:8080/frames/00082.jpg → pending (?ms, ?B)
[2026-04-28T08:23:43.485Z] GET http://localhost:8080/frames/00083.jpg → pending (?ms, ?B)
[2026-04-28T08:23:43.485Z] GET http://localhost:8080/frames/00084.jpg → pending (?ms, ?B)
[2026-04-28T08:23:43.485Z] GET http://localhost:8080/frames/00085.jpg → pending (?ms, ?B)
[2026-04-28T08:23:43.485Z] GET http://localhost:8080/frames/00086.jpg → pending (?ms, ?B)
[2026-04-28T08:23:43.485Z] GET http://localhost:8080/frames/00087.jpg → pending (?ms, ?B)
[2026-04-28T08:23:43.485Z] GET http://localhost:8080/frames/00088.jpg → pending (?ms, ?B)
[2026-04-28T08:23:43.485Z] GET http://localhost:8080/frames/00089.jpg → pending (?ms, ?B)
[2026-04-28T08:23:43.485Z] GET http://localhost:8080/frames/00090.jpg → pending (?ms, ?B)
[2026-04-28T08:23:43.485Z] GET http://localhost:8080/frames/00091.jpg → pending (?ms, ?B)
[2026-04-28T08:23:43.485Z] GET http://localhost:8080/frames/00092.jpg → pending (?ms, ?B)
[2026-04-28T08:23:43.486Z] GET http://localhost:8080/frames/00093.jpg → pending (?ms, ?B)
[2026-04-28T08:23:43.486Z] GET http://localhost:8080/frames/00094.jpg → pending (?ms, ?B)
[2026-04-28T08:23:43.486Z] GET http://localhost:8080/frames/00095.jpg → pending (?ms, ?B)
[2026-04-28T08:23:43.486Z] GET http://localhost:8080/frames/00096.jpg → pending (?ms, ?B)
[2026-04-28T08:23:43.486Z] GET http://localhost:8080/frames/00097.jpg → pending (?ms, ?B)
[2026-04-28T08:23:43.486Z] GET http://localhost:8080/frames/00098.jpg → pending (?ms, ?B)
[2026-04-28T08:23:43.486Z] GET http://localhost:8080/frames/00099.jpg → pending (?ms, ?B)
[2026-04-28T08:23:43.486Z] GET http://localhost:8080/frames/00100.jpg → pending (?ms, ?B)
[2026-04-28T08:23:43.486Z] GET http://localhost:8080/frames/00101.jpg → pending (?ms, ?B)
[2026-04-28T08:23:43.486Z] GET http://localhost:8080/frames/00102.jpg → pending (?ms, ?B)
[2026-04-28T08:23:43.486Z] GET http://localhost:8080/frames/00103.jpg → pending (?ms, ?B)
[2026-04-28T08:23:43.486Z] GET http://localhost:8080/frames/00104.jpg → pending (?ms, ?B)
[2026-04-28T08:23:43.486Z] GET http://localhost:8080/frames/00105.jpg → pending (?ms, ?B)
[2026-04-28T08:23:43.486Z] GET http://localhost:8080/frames/00106.jpg → pending (?ms, ?B)
[2026-04-28T08:23:43.486Z] GET http://localhost:8080/frames/00107.jpg → pending (?ms, ?B)
[2026-04-28T08:23:43.486Z] GET http://localhost:8080/frames/00108.jpg → pending (?ms, ?B)
[2026-04-28T08:23:43.486Z] GET http://localhost:8080/frames/00109.jpg → pending (?ms, ?B)
[2026-04-28T08:23:43.486Z] GET http://localhost:8080/frames/00110.jpg → pending (?ms, ?B)
[2026-04-28T08:23:43.486Z] GET http://localhost:8080/frames/00111.jpg → pending (?ms, ?B)
[2026-04-28T08:23:43.487Z] GET http://localhost:8080/frames/00112.jpg → pending (?ms, ?B)
[2026-04-28T08:23:43.487Z] GET http://localhost:8080/frames/00113.jpg → pending (?ms, ?B)
[2026-04-28T08:23:43.487Z] GET http://localhost:8080/frames/00114.jpg → pending (?ms, ?B)
[2026-04-28T08:23:43.487Z] GET http://localhost:8080/frames/00115.jpg → pending (?ms, ?B)
[2026-04-28T08:23:43.487Z] GET http://localhost:8080/frames/00116.jpg → pending (?ms, ?B)
[2026-04-28T08:23:43.487Z] GET http://localhost:8080/frames/00117.jpg → pending (?ms, ?B)
[2026-04-28T08:23:43.487Z] GET http://localhost:8080/frames/00118.jpg → pending (?ms, ?B)
[2026-04-28T08:23:43.487Z] GET http://localhost:8080/frames/00119.jpg → pending (?ms, ?B)
[2026-04-28T08:23:43.487Z] GET http://localhost:8080/frames/00120.jpg → pending (?ms, ?B)
[2026-04-28T08:23:43.488Z] GET http://localhost:8080/frames/00121.jpg → pending (?ms, ?B)
[2026-04-28T08:25:58.949Z] GET http://localhost:8080/ → 200 (5ms, 23155B)
[2026-04-28T08:25:59.047Z] GET https://fonts.googleapis.com/css2?family=Bebas+Neue&family=Share+Tech+Mono&family=Cormorant+Garamond:ital,wght@0,300;0,400;1,300&display=swap → 200 (?ms, 7432B)
[2026-04-28T08:25:59.047Z] GET http://localhost:8080/style.css → 304 (3ms, ?B)
[2026-04-28T08:25:59.047Z] GET http://localhost:8080/main.js → 304 (3ms, ?B)
[2026-04-28T08:25:59.052Z] GET https://unpkg.com/three@0.170.0/build/three.module.js → 200 (?ms, 1314681B)
[2026-04-28T08:25:59.052Z] GET https://unpkg.com/three@0.170.0/examples/jsm/renderers/CSS3DRenderer.js → 200 (1ms, 8092B)
[2026-04-28T08:25:59.108Z] GET https://fonts.gstatic.com/s/bebasneue/v16/JTUSjIg69CK48gW7PXoo9Wlhyw.woff2 → 200 (?ms, ?B)
[2026-04-28T08:25:59.108Z] GET https://fonts.gstatic.com/s/cormorantgaramond/v21/co3smX5slCNuHLi8bLeY9MK7whWMhyjYrGFEsdtdc62E6zd5rDD-iNM8.woff2 → 200 (6ms, ?B)
[2026-04-28T08:25:59.115Z] GET https://fonts.gstatic.com/s/cormorantgaramond/v21/co3bmX5slCNuHLi8bLeY9MK7whWMhyjYqXtK.woff2 → 200 (?ms, ?B)
[2026-04-28T08:25:59.115Z] GET https://fonts.gstatic.com/s/sharetechmono/v16/J7aHnp1uDWRBEqV98dVQztYldFcLowEF.woff2 → 200 (?ms, ?B)
[2026-04-28T08:25:59.115Z] GET http://localhost:8080/assets/ba-before.png → 200 (?ms, 878838B)
[2026-04-28T08:25:59.115Z] GET http://localhost:8080/assets/ba-after.png → 200 (?ms, 771458B)
[2026-04-28T08:25:59.115Z] GET http://localhost:8080/assets/dent-before.png → 200 (?ms, 794201B)
[2026-04-28T08:25:59.116Z] GET http://localhost:8080/assets/dent-after.png → 200 (?ms, 622050B)
[2026-04-28T08:25:59.116Z] GET http://localhost:8080/assets/bumper-before.png → 200 (?ms, 853805B)
[2026-04-28T08:25:59.116Z] GET http://localhost:8080/assets/bumper-after.png → 200 (?ms, 655425B)
[2026-04-28T08:25:59.116Z] GET http://localhost:8080/assets/paint-before.png → 200 (?ms, 887966B)
[2026-04-28T08:25:59.116Z] GET http://localhost:8080/assets/paint-after.png → 200 (?ms, 701922B)
[2026-04-28T08:25:59.117Z] GET http://localhost:8080/assets/scratch-before.png → 200 (17ms, 726803B)
[2026-04-28T08:25:59.134Z] GET http://localhost:8080/assets/scratch-after.png → 200 (?ms, 625778B)
[2026-04-28T08:25:59.135Z] GET http://localhost:8080/assets/accident-before.png → 200 (?ms, 790054B)
[2026-04-28T08:25:59.135Z] GET http://localhost:8080/assets/polish-before.png → 200 (?ms, 783168B)
[2026-04-28T08:25:59.135Z] GET http://localhost:8080/assets/polish-after.png → 200 (1ms, 689438B)
[2026-04-28T08:25:59.136Z] GET http://localhost:8080/frames/00001.jpg → 200 (?ms, 71458B)
[2026-04-28T08:25:59.136Z] GET http://localhost:8080/frames/00002.jpg → 200 (?ms, 81199B)
[2026-04-28T08:25:59.136Z] GET http://localhost:8080/frames/00003.jpg → 200 (?ms, 107524B)
[2026-04-28T08:25:59.137Z] GET http://localhost:8080/frames/00004.jpg → 200 (?ms, 97995B)
[2026-04-28T08:25:59.137Z] GET http://localhost:8080/frames/00005.jpg → 200 (?ms, 82965B)
[2026-04-28T08:25:59.137Z] GET http://localhost:8080/frames/00006.jpg → 200 (?ms, 73803B)
[2026-04-28T08:25:59.138Z] GET http://localhost:8080/frames/00007.jpg → 200 (?ms, 64006B)
[2026-04-28T08:25:59.138Z] GET http://localhost:8080/frames/00008.jpg → 200 (?ms, 57629B)
[2026-04-28T08:25:59.138Z] GET http://localhost:8080/frames/00009.jpg → 200 (?ms, 53011B)
[2026-04-28T08:25:59.138Z] GET http://localhost:8080/frames/00010.jpg → 200 (?ms, 49335B)
[2026-04-28T08:25:59.139Z] GET http://localhost:8080/frames/00011.jpg → 200 (?ms, 46359B)
[2026-04-28T08:25:59.139Z] GET http://localhost:8080/frames/00012.jpg → 200 (?ms, 45637B)
[2026-04-28T08:25:59.139Z] GET http://localhost:8080/frames/00013.jpg → 200 (?ms, 45685B)
[2026-04-28T08:25:59.140Z] GET http://localhost:8080/frames/00014.jpg → 200 (?ms, 45761B)
[2026-04-28T08:25:59.140Z] GET http://localhost:8080/frames/00015.jpg → 200 (?ms, 45776B)
[2026-04-28T08:25:59.140Z] GET http://localhost:8080/frames/00016.jpg → 200 (1ms, 45814B)
[2026-04-28T08:25:59.141Z] GET http://localhost:8080/frames/00017.jpg → 200 (?ms, 45844B)
[2026-04-28T08:25:59.141Z] GET http://localhost:8080/frames/00018.jpg → 200 (?ms, 45926B)
[2026-04-28T08:25:59.141Z] GET http://localhost:8080/frames/00019.jpg → 200 (1ms, 45833B)
[2026-04-28T08:25:59.142Z] GET http://localhost:8080/frames/00020.jpg → 200 (?ms, 45567B)
[2026-04-28T08:25:59.142Z] GET http://localhost:8080/frames/00021.jpg → 200 (?ms, 45748B)
[2026-04-28T08:25:59.143Z] GET http://localhost:8080/frames/00022.jpg → 200 (?ms, 45758B)
[2026-04-28T08:25:59.144Z] GET http://localhost:8080/frames/00023.jpg → 200 (?ms, 45863B)
[2026-04-28T08:25:59.144Z] GET http://localhost:8080/frames/00024.jpg → 200 (?ms, 45984B)
[2026-04-28T08:25:59.144Z] GET http://localhost:8080/frames/00025.jpg → 200 (?ms, 46049B)
[2026-04-28T08:25:59.144Z] GET http://localhost:8080/frames/00026.jpg → 200 (?ms, 46189B)
[2026-04-28T08:25:59.145Z] GET http://localhost:8080/frames/00027.jpg → 200 (?ms, 46137B)
[2026-04-28T08:25:59.145Z] GET http://localhost:8080/frames/00028.jpg → 200 (?ms, 46134B)
[2026-04-28T08:25:59.145Z] GET http://localhost:8080/frames/00029.jpg → 200 (?ms, 46201B)
[2026-04-28T08:25:59.145Z] GET http://localhost:8080/frames/00030.jpg → 200 (1ms, 46244B)
[2026-04-28T08:25:59.146Z] GET http://localhost:8080/frames/00031.jpg → 200 (?ms, 46269B)
[2026-04-28T08:25:59.146Z] GET http://localhost:8080/frames/00032.jpg → 200 (?ms, 46331B)
[2026-04-28T08:25:59.147Z] GET http://localhost:8080/frames/00033.jpg → 200 (?ms, 46598B)
[2026-04-28T08:25:59.147Z] GET http://localhost:8080/frames/00034.jpg → 200 (?ms, 46418B)
[2026-04-28T08:25:59.147Z] GET http://localhost:8080/frames/00035.jpg → 200 (?ms, 46287B)
[2026-04-28T08:25:59.147Z] GET http://localhost:8080/frames/00036.jpg → 200 (?ms, 46285B)
[2026-04-28T08:25:59.147Z] GET http://localhost:8080/frames/00037.jpg → 200 (?ms, 46482B)
[2026-04-28T08:25:59.148Z] GET http://localhost:8080/frames/00038.jpg → 200 (?ms, 46457B)
[2026-04-28T08:25:59.148Z] GET http://localhost:8080/frames/00039.jpg → 200 (?ms, 46257B)
[2026-04-28T08:25:59.148Z] GET http://localhost:8080/frames/00040.jpg → 200 (?ms, 46184B)
[2026-04-28T08:25:59.148Z] GET http://localhost:8080/frames/00041.jpg → 200 (?ms, 45894B)
[2026-04-28T08:25:59.149Z] GET http://localhost:8080/frames/00042.jpg → 200 (?ms, 45364B)
[2026-04-28T08:25:59.149Z] GET http://localhost:8080/frames/00043.jpg → 200 (?ms, 45360B)
[2026-04-28T08:25:59.149Z] GET http://localhost:8080/frames/00044.jpg → 200 (?ms, 45299B)
[2026-04-28T08:25:59.149Z] GET http://localhost:8080/frames/00045.jpg → 200 (?ms, 45126B)
[2026-04-28T08:25:59.149Z] GET http://localhost:8080/frames/00046.jpg → 200 (1ms, 44581B)
[2026-04-28T08:25:59.150Z] GET http://localhost:8080/frames/00047.jpg → 200 (?ms, 44437B)
[2026-04-28T08:25:59.150Z] GET http://localhost:8080/frames/00048.jpg → 200 (?ms, 44267B)
[2026-04-28T08:25:59.150Z] GET http://localhost:8080/frames/00049.jpg → 200 (?ms, 44010B)
[2026-04-28T08:25:59.150Z] GET http://localhost:8080/frames/00050.jpg → 200 (?ms, 43777B)
[2026-04-28T08:25:59.151Z] GET http://localhost:8080/frames/00051.jpg → 200 (?ms, 44017B)
[2026-04-28T08:25:59.151Z] GET http://localhost:8080/frames/00052.jpg → 200 (?ms, 44632B)
[2026-04-28T08:25:59.151Z] GET http://localhost:8080/frames/00053.jpg → 200 (?ms, 44843B)
[2026-04-28T08:25:59.151Z] GET http://localhost:8080/frames/00054.jpg → 200 (?ms, 44566B)
[2026-04-28T08:25:59.152Z] GET http://localhost:8080/frames/00055.jpg → 200 (?ms, 44682B)
[2026-04-28T08:25:59.166Z] GET http://localhost:8080/frames/00056.jpg → 200 (?ms, 44617B)
[2026-04-28T08:25:59.167Z] GET http://localhost:8080/frames/00057.jpg → 200 (?ms, 44353B)
[2026-04-28T08:25:59.167Z] GET http://localhost:8080/frames/00058.jpg → 200 (?ms, 43854B)
[2026-04-28T08:25:59.168Z] GET http://localhost:8080/frames/00059.jpg → 200 (?ms, 43908B)
[2026-04-28T08:25:59.168Z] GET http://localhost:8080/frames/00060.jpg → 200 (?ms, 43917B)
[2026-04-28T08:25:59.169Z] GET http://localhost:8080/frames/00061.jpg → 200 (?ms, 43961B)
[2026-04-28T08:25:59.169Z] GET http://localhost:8080/frames/00062.jpg → 200 (?ms, 43228B)
[2026-04-28T08:25:59.169Z] GET http://localhost:8080/frames/00063.jpg → 200 (1ms, 43367B)
[2026-04-28T08:25:59.170Z] GET http://localhost:8080/frames/00064.jpg → 200 (?ms, 43049B)
[2026-04-28T08:25:59.170Z] GET http://localhost:8080/frames/00065.jpg → 200 (?ms, 41873B)
[2026-04-28T08:25:59.170Z] GET http://localhost:8080/frames/00066.jpg → 200 (?ms, 40664B)
[2026-04-28T08:25:59.171Z] GET http://localhost:8080/frames/00067.jpg → 200 (?ms, 40269B)
[2026-04-28T08:25:59.171Z] GET http://localhost:8080/frames/00068.jpg → 200 (?ms, 40447B)
[2026-04-28T08:25:59.171Z] GET http://localhost:8080/frames/00069.jpg → 200 (?ms, 40392B)
[2026-04-28T08:25:59.171Z] GET http://localhost:8080/frames/00070.jpg → 200 (?ms, 40659B)
[2026-04-28T08:25:59.171Z] GET http://localhost:8080/frames/00071.jpg → 200 (?ms, 42269B)
[2026-04-28T08:25:59.172Z] GET http://localhost:8080/frames/00072.jpg → 200 (?ms, 44695B)
[2026-04-28T08:25:59.172Z] GET http://localhost:8080/frames/00073.jpg → 200 (?ms, 44207B)
[2026-04-28T08:25:59.172Z] GET http://localhost:8080/frames/00074.jpg → 200 (1ms, 43440B)
[2026-04-28T08:25:59.173Z] GET http://localhost:8080/frames/00075.jpg → 200 (?ms, 45363B)
[2026-04-28T08:25:59.173Z] GET http://localhost:8080/frames/00076.jpg → 200 (?ms, 47082B)
[2026-04-28T08:25:59.174Z] GET http://localhost:8080/frames/00077.jpg → 200 (?ms, 47636B)
[2026-04-28T08:25:59.174Z] GET http://localhost:8080/frames/00078.jpg → 200 (?ms, 47726B)
[2026-04-28T08:25:59.174Z] GET http://localhost:8080/frames/00079.jpg → 200 (?ms, 50470B)
[2026-04-28T08:25:59.174Z] GET http://localhost:8080/frames/00080.jpg → 200 (?ms, 52475B)
[2026-04-28T08:25:59.175Z] GET http://localhost:8080/frames/00081.jpg → 200 (?ms, 52497B)
[2026-04-28T08:25:59.175Z] GET http://localhost:8080/frames/00082.jpg → 200 (?ms, 51545B)
[2026-04-28T08:25:59.175Z] GET http://localhost:8080/frames/00083.jpg → 200 (?ms, 54215B)
[2026-04-28T08:25:59.175Z] GET http://localhost:8080/frames/00084.jpg → 200 (?ms, 55983B)
[2026-04-28T08:25:59.176Z] GET http://localhost:8080/frames/00085.jpg → 200 (?ms, 56623B)
[2026-04-28T08:25:59.178Z] GET http://localhost:8080/frames/00086.jpg → 200 (?ms, 56499B)
[2026-04-28T08:25:59.178Z] GET http://localhost:8080/frames/00087.jpg → 200 (?ms, 58649B)
[2026-04-28T08:25:59.178Z] GET http://localhost:8080/frames/00088.jpg → 200 (26ms, 60059B)
[2026-04-28T08:25:59.204Z] GET http://localhost:8080/frames/00089.jpg → 200 (?ms, 59590B)
[2026-04-28T08:25:59.205Z] GET http://localhost:8080/frames/00090.jpg → 200 (?ms, 59104B)
[2026-04-28T08:25:59.205Z] GET http://localhost:8080/frames/00091.jpg → 200 (?ms, 59580B)
[2026-04-28T08:25:59.206Z] GET http://localhost:8080/frames/00092.jpg → 200 (?ms, 60478B)
[2026-04-28T08:25:59.206Z] GET http://localhost:8080/frames/00093.jpg → 200 (?ms, 61096B)
[2026-04-28T08:25:59.206Z] GET http://localhost:8080/frames/00094.jpg → 200 (?ms, 61569B)
[2026-04-28T08:25:59.207Z] GET http://localhost:8080/frames/00095.jpg → 200 (?ms, 62533B)
[2026-04-28T08:25:59.207Z] GET http://localhost:8080/frames/00096.jpg → 200 (?ms, 63113B)
[2026-04-28T08:25:59.207Z] GET http://localhost:8080/frames/00097.jpg → 200 (?ms, 62841B)
[2026-04-28T08:25:59.208Z] GET http://localhost:8080/frames/00098.jpg → 200 (?ms, 62270B)
[2026-04-28T08:25:59.208Z] GET http://localhost:8080/frames/00099.jpg → 200 (?ms, 62118B)
[2026-04-28T08:25:59.208Z] GET http://localhost:8080/frames/00100.jpg → 200 (?ms, 62271B)
[2026-04-28T08:25:59.208Z] GET http://localhost:8080/frames/00101.jpg → 200 (?ms, 62087B)
[2026-04-28T08:25:59.209Z] GET http://localhost:8080/frames/00102.jpg → 200 (?ms, 61947B)
[2026-04-28T08:25:59.209Z] GET http://localhost:8080/frames/00103.jpg → 200 (?ms, 62053B)
[2026-04-28T08:25:59.210Z] GET http://localhost:8080/frames/00104.jpg → 200 (?ms, 62139B)
[2026-04-28T08:25:59.210Z] GET http://localhost:8080/frames/00105.jpg → 200 (?ms, 61863B)
[2026-04-28T08:25:59.212Z] GET http://localhost:8080/frames/00106.jpg → 200 (?ms, 61537B)
[2026-04-28T08:25:59.213Z] GET http://localhost:8080/frames/00107.jpg → 200 (?ms, 61312B)
[2026-04-28T08:25:59.213Z] GET http://localhost:8080/frames/00108.jpg → 200 (?ms, 60985B)
[2026-04-28T08:25:59.213Z] GET http://localhost:8080/frames/00109.jpg → 200 (1ms, 60537B)
[2026-04-28T08:25:59.214Z] GET http://localhost:8080/frames/00110.jpg → 200 (?ms, 59947B)
[2026-04-28T08:25:59.214Z] GET http://localhost:8080/frames/00111.jpg → 200 (?ms, 59780B)
[2026-04-28T08:25:59.214Z] GET http://localhost:8080/frames/00112.jpg → 200 (?ms, 59561B)
[2026-04-28T08:25:59.215Z] GET http://localhost:8080/frames/00113.jpg → 200 (?ms, 59395B)
[2026-04-28T08:25:59.215Z] GET http://localhost:8080/frames/00114.jpg → 200 (?ms, 59293B)
[2026-04-28T08:25:59.215Z] GET http://localhost:8080/frames/00115.jpg → 200 (?ms, 59144B)
[2026-04-28T08:25:59.215Z] GET http://localhost:8080/frames/00116.jpg → 200 (?ms, 59230B)
[2026-04-28T08:25:59.215Z] GET http://localhost:8080/frames/00117.jpg → 200 (?ms, 59224B)
[2026-04-28T08:25:59.216Z] GET http://localhost:8080/frames/00118.jpg → 200 (?ms, 59165B)
[2026-04-28T08:25:59.231Z] GET http://localhost:8080/frames/00119.jpg → 200 (?ms, 59018B)
[2026-04-28T08:25:59.232Z] GET http://localhost:8080/frames/00120.jpg → 200 (?ms, 59090B)
[2026-04-28T08:25:59.232Z] GET http://localhost:8080/frames/00121.jpg → 200 (?ms, 59280B)
[2026-04-28T08:26:21.174Z] GET http://localhost:8080/ → 200 (2ms, 23155B)
[2026-04-28T08:26:21.199Z] GET https://fonts.googleapis.com/css2?family=Bebas+Neue&family=Share+Tech+Mono&family=Cormorant+Garamond:ital,wght@0,300;0,400;1,300&display=swap → 200 (?ms, 7432B)
[2026-04-28T08:26:21.199Z] GET http://localhost:8080/style.css → 200 (1ms, 39787B)
[2026-04-28T08:26:21.200Z] GET http://localhost:8080/main.js → 200 (?ms, 21711B)
[2026-04-28T08:26:21.202Z] GET https://unpkg.com/three@0.170.0/build/three.module.js → 200 (1ms, 1314681B)
[2026-04-28T08:26:21.203Z] GET https://unpkg.com/three@0.170.0/examples/jsm/renderers/CSS3DRenderer.js → 200 (?ms, 8092B)
[2026-04-28T08:26:21.267Z] GET https://fonts.gstatic.com/s/bebasneue/v16/JTUSjIg69CK48gW7PXoo9Wlhyw.woff2 → 200 (1ms, ?B)
[2026-04-28T08:26:21.269Z] GET https://fonts.gstatic.com/s/cormorantgaramond/v21/co3smX5slCNuHLi8bLeY9MK7whWMhyjYrGFEsdtdc62E6zd5rDD-iNM8.woff2 → 200 (?ms, ?B)
[2026-04-28T08:26:21.276Z] GET https://fonts.gstatic.com/s/cormorantgaramond/v21/co3bmX5slCNuHLi8bLeY9MK7whWMhyjYqXtK.woff2 → 200 (?ms, ?B)
[2026-04-28T08:26:21.277Z] GET https://fonts.gstatic.com/s/sharetechmono/v16/J7aHnp1uDWRBEqV98dVQztYldFcLowEF.woff2 → 200 (?ms, ?B)
[2026-04-28T08:26:21.277Z] GET http://localhost:8080/assets/ba-before.png → 200 (?ms, 878838B)
[2026-04-28T08:26:21.278Z] GET http://localhost:8080/assets/ba-after.png → 200 (?ms, 771458B)
[2026-04-28T08:26:21.278Z] GET http://localhost:8080/assets/dent-before.png → 200 (?ms, 794201B)
[2026-04-28T08:26:21.278Z] GET http://localhost:8080/assets/dent-after.png → 200 (?ms, 622050B)
[2026-04-28T08:26:21.278Z] GET http://localhost:8080/assets/bumper-before.png → 200 (?ms, 853805B)
[2026-04-28T08:26:21.278Z] GET http://localhost:8080/assets/bumper-after.png → 200 (1ms, 655425B)
[2026-04-28T08:26:21.279Z] GET http://localhost:8080/assets/paint-before.png → 200 (?ms, 887966B)
[2026-04-28T08:26:21.279Z] GET http://localhost:8080/assets/paint-after.png → 200 (?ms, 701922B)
[2026-04-28T08:26:21.279Z] GET http://localhost:8080/assets/scratch-before.png → 200 (?ms, 726803B)
[2026-04-28T08:26:21.279Z] GET http://localhost:8080/assets/scratch-after.png → 200 (?ms, 625778B)
[2026-04-28T08:26:21.280Z] GET http://localhost:8080/assets/accident-before.png → 200 (?ms, 790054B)
[2026-04-28T08:26:21.280Z] GET http://localhost:8080/assets/polish-before.png → 200 (?ms, 783168B)
[2026-04-28T08:26:21.280Z] GET http://localhost:8080/assets/polish-after.png → 200 (?ms, 689438B)
[2026-04-28T08:26:21.280Z] GET http://localhost:8080/frames/00001.jpg → 200 (?ms, 71458B)
[2026-04-28T08:26:21.280Z] GET http://localhost:8080/frames/00002.jpg → 200 (1ms, 81199B)
[2026-04-28T08:26:21.281Z] GET http://localhost:8080/frames/00003.jpg → 200 (?ms, 107524B)
[2026-04-28T08:26:21.289Z] GET http://localhost:8080/frames/00004.jpg → 200 (?ms, 97995B)
[2026-04-28T08:26:21.289Z] GET http://localhost:8080/frames/00005.jpg → 200 (?ms, 82965B)
[2026-04-28T08:26:21.289Z] GET http://localhost:8080/frames/00006.jpg → 200 (1ms, 73803B)
[2026-04-28T08:26:21.290Z] GET http://localhost:8080/frames/00007.jpg → 200 (?ms, 64006B)
[2026-04-28T08:26:21.290Z] GET http://localhost:8080/frames/00008.jpg → 200 (?ms, 57629B)
[2026-04-28T08:26:21.291Z] GET http://localhost:8080/frames/00009.jpg → 200 (?ms, 53011B)
[2026-04-28T08:26:21.291Z] GET http://localhost:8080/frames/00010.jpg → 200 (?ms, 49335B)
[2026-04-28T08:26:21.291Z] GET http://localhost:8080/frames/00011.jpg → 200 (?ms, 46359B)
[2026-04-28T08:26:21.292Z] GET http://localhost:8080/frames/00012.jpg → 200 (?ms, 45637B)
[2026-04-28T08:26:21.292Z] GET http://localhost:8080/frames/00013.jpg → 200 (?ms, 45685B)
[2026-04-28T08:26:21.293Z] GET http://localhost:8080/frames/00014.jpg → 200 (?ms, 45761B)
[2026-04-28T08:26:21.293Z] GET http://localhost:8080/frames/00015.jpg → 200 (?ms, 45776B)
[2026-04-28T08:26:21.293Z] GET http://localhost:8080/frames/00016.jpg → 200 (?ms, 45814B)
[2026-04-28T08:26:21.293Z] GET http://localhost:8080/frames/00017.jpg → 200 (?ms, 45844B)
[2026-04-28T08:26:21.294Z] GET http://localhost:8080/frames/00018.jpg → 200 (?ms, 45926B)
[2026-04-28T08:26:21.294Z] GET http://localhost:8080/frames/00019.jpg → 200 (?ms, 45833B)
[2026-04-28T08:26:21.294Z] GET http://localhost:8080/frames/00020.jpg → 200 (?ms, 45567B)
[2026-04-28T08:26:21.294Z] GET http://localhost:8080/frames/00021.jpg → 200 (?ms, 45748B)
[2026-04-28T08:26:21.294Z] GET http://localhost:8080/frames/00022.jpg → 200 (?ms, 45758B)
[2026-04-28T08:26:21.295Z] GET http://localhost:8080/frames/00023.jpg → 200 (?ms, 45863B)
[2026-04-28T08:26:21.295Z] GET http://localhost:8080/frames/00024.jpg → 200 (?ms, 45984B)
[2026-04-28T08:26:21.295Z] GET http://localhost:8080/frames/00025.jpg → 200 (?ms, 46049B)
[2026-04-28T08:26:21.295Z] GET http://localhost:8080/frames/00026.jpg → 200 (?ms, 46189B)
[2026-04-28T08:26:21.296Z] GET http://localhost:8080/frames/00027.jpg → 200 (?ms, 46137B)
[2026-04-28T08:26:21.296Z] GET http://localhost:8080/frames/00028.jpg → 200 (?ms, 46134B)
[2026-04-28T08:26:21.296Z] GET http://localhost:8080/frames/00029.jpg → 200 (?ms, 46201B)
[2026-04-28T08:26:21.296Z] GET http://localhost:8080/frames/00030.jpg → 200 (?ms, 46244B)
[2026-04-28T08:26:21.296Z] GET http://localhost:8080/frames/00031.jpg → 200 (?ms, 46269B)
[2026-04-28T08:26:21.297Z] GET http://localhost:8080/frames/00032.jpg → 200 (?ms, 46331B)
[2026-04-28T08:26:21.297Z] GET http://localhost:8080/frames/00033.jpg → 200 (?ms, 46598B)
[2026-04-28T08:26:21.297Z] GET http://localhost:8080/frames/00034.jpg → 200 (11ms, 46418B)
[2026-04-28T08:26:21.309Z] GET http://localhost:8080/frames/00035.jpg → 200 (?ms, 46287B)
[2026-04-28T08:26:21.309Z] GET http://localhost:8080/frames/00036.jpg → 200 (?ms, 46285B)
[2026-04-28T08:26:21.310Z] GET http://localhost:8080/frames/00037.jpg → 200 (?ms, 46482B)
[2026-04-28T08:26:21.310Z] GET http://localhost:8080/frames/00038.jpg → 200 (?ms, 46457B)
[2026-04-28T08:26:21.311Z] GET http://localhost:8080/frames/00039.jpg → 200 (?ms, 46257B)
[2026-04-28T08:26:21.311Z] GET http://localhost:8080/frames/00040.jpg → 200 (?ms, 46184B)
[2026-04-28T08:26:21.311Z] GET http://localhost:8080/frames/00041.jpg → 200 (?ms, 45894B)
[2026-04-28T08:26:21.312Z] GET http://localhost:8080/frames/00042.jpg → 200 (?ms, 45364B)
[2026-04-28T08:26:21.312Z] GET http://localhost:8080/frames/00043.jpg → 200 (?ms, 45360B)
[2026-04-28T08:26:21.312Z] GET http://localhost:8080/frames/00044.jpg → 200 (?ms, 45299B)
[2026-04-28T08:26:21.313Z] GET http://localhost:8080/frames/00045.jpg → 200 (?ms, 45126B)
[2026-04-28T08:26:21.313Z] GET http://localhost:8080/frames/00046.jpg → 200 (?ms, 44581B)
[2026-04-28T08:26:21.314Z] GET http://localhost:8080/frames/00047.jpg → 200 (?ms, 44437B)
[2026-04-28T08:26:21.314Z] GET http://localhost:8080/frames/00048.jpg → 200 (?ms, 44267B)
[2026-04-28T08:26:21.315Z] GET http://localhost:8080/frames/00049.jpg → 200 (?ms, 44010B)
[2026-04-28T08:26:21.315Z] GET http://localhost:8080/frames/00050.jpg → 200 (?ms, 43777B)
[2026-04-28T08:26:21.315Z] GET http://localhost:8080/frames/00051.jpg → 200 (?ms, 44017B)
[2026-04-28T08:26:21.316Z] GET http://localhost:8080/frames/00052.jpg → 200 (?ms, 44632B)
[2026-04-28T08:26:21.316Z] GET http://localhost:8080/frames/00053.jpg → 200 (?ms, 44843B)
[2026-04-28T08:26:21.317Z] GET http://localhost:8080/frames/00054.jpg → 200 (?ms, 44566B)
[2026-04-28T08:26:21.317Z] GET http://localhost:8080/frames/00055.jpg → 200 (?ms, 44682B)
[2026-04-28T08:26:21.317Z] GET http://localhost:8080/frames/00056.jpg → 200 (?ms, 44617B)
[2026-04-28T08:26:21.318Z] GET http://localhost:8080/frames/00057.jpg → 200 (?ms, 44353B)
[2026-04-28T08:26:21.318Z] GET http://localhost:8080/frames/00058.jpg → 200 (?ms, 43854B)
[2026-04-28T08:26:21.318Z] GET http://localhost:8080/frames/00059.jpg → 200 (?ms, 43908B)
[2026-04-28T08:26:21.319Z] GET http://localhost:8080/frames/00060.jpg → 200 (?ms, 43917B)
[2026-04-28T08:26:21.319Z] GET http://localhost:8080/frames/00061.jpg → 200 (?ms, 43961B)
[2026-04-28T08:26:21.319Z] GET http://localhost:8080/frames/00062.jpg → 200 (?ms, 43228B)
[2026-04-28T08:26:21.320Z] GET http://localhost:8080/frames/00063.jpg → 200 (?ms, 43367B)
[2026-04-28T08:26:21.320Z] GET http://localhost:8080/frames/00064.jpg → 200 (?ms, 43049B)
[2026-04-28T08:26:21.320Z] GET http://localhost:8080/frames/00065.jpg → 200 (?ms, 41873B)
[2026-04-28T08:26:21.320Z] GET http://localhost:8080/frames/00066.jpg → 200 (?ms, 40664B)
[2026-04-28T08:26:21.321Z] GET http://localhost:8080/frames/00067.jpg → 200 (?ms, 40269B)
[2026-04-28T08:26:21.321Z] GET http://localhost:8080/frames/00068.jpg → 200 (?ms, 40447B)
[2026-04-28T08:26:21.321Z] GET http://localhost:8080/frames/00069.jpg → 200 (?ms, 40392B)
[2026-04-28T08:26:21.321Z] GET http://localhost:8080/frames/00070.jpg → 200 (?ms, 40659B)
[2026-04-28T08:26:21.322Z] GET http://localhost:8080/frames/00071.jpg → 200 (15ms, 42269B)
[2026-04-28T08:26:21.338Z] GET http://localhost:8080/frames/00072.jpg → 200 (?ms, 44695B)
[2026-04-28T08:26:21.338Z] GET http://localhost:8080/frames/00073.jpg → 200 (?ms, 44207B)
[2026-04-28T08:26:21.339Z] GET http://localhost:8080/frames/00074.jpg → 200 (?ms, 43440B)
[2026-04-28T08:26:21.339Z] GET http://localhost:8080/frames/00075.jpg → 200 (?ms, 45363B)
[2026-04-28T08:26:21.339Z] GET http://localhost:8080/frames/00076.jpg → 200 (1ms, 47082B)
[2026-04-28T08:26:21.340Z] GET http://localhost:8080/frames/00077.jpg → 200 (?ms, 47636B)
[2026-04-28T08:26:21.340Z] GET http://localhost:8080/frames/00078.jpg → 200 (?ms, 47726B)
[2026-04-28T08:26:21.340Z] GET http://localhost:8080/frames/00079.jpg → 200 (?ms, 50470B)
[2026-04-28T08:26:21.341Z] GET http://localhost:8080/frames/00080.jpg → 200 (?ms, 52475B)
[2026-04-28T08:26:21.341Z] GET http://localhost:8080/frames/00081.jpg → 200 (?ms, 52497B)
[2026-04-28T08:26:21.341Z] GET http://localhost:8080/frames/00082.jpg → 200 (?ms, 51545B)
[2026-04-28T08:26:21.341Z] GET http://localhost:8080/frames/00083.jpg → 200 (?ms, 54215B)
[2026-04-28T08:26:21.342Z] GET http://localhost:8080/frames/00084.jpg → 200 (?ms, 55983B)
[2026-04-28T08:26:21.342Z] GET http://localhost:8080/frames/00085.jpg → 200 (?ms, 56623B)
[2026-04-28T08:26:21.342Z] GET http://localhost:8080/frames/00086.jpg → 200 (1ms, 56499B)
[2026-04-28T08:26:21.343Z] GET http://localhost:8080/frames/00087.jpg → 200 (?ms, 58649B)
[2026-04-28T08:26:21.343Z] GET http://localhost:8080/frames/00088.jpg → 200 (1ms, 60059B)
[2026-04-28T08:26:21.344Z] GET http://localhost:8080/frames/00089.jpg → 200 (?ms, 59590B)
[2026-04-28T08:26:21.344Z] GET http://localhost:8080/frames/00090.jpg → 200 (?ms, 59104B)
[2026-04-28T08:26:21.345Z] GET http://localhost:8080/frames/00091.jpg → 200 (?ms, 59580B)
[2026-04-28T08:26:21.345Z] GET http://localhost:8080/frames/00092.jpg → 200 (?ms, 60478B)
[2026-04-28T08:26:21.346Z] GET http://localhost:8080/frames/00093.jpg → 200 (?ms, 61096B)
[2026-04-28T08:26:21.346Z] GET http://localhost:8080/frames/00094.jpg → 200 (?ms, 61569B)
[2026-04-28T08:26:21.346Z] GET http://localhost:8080/frames/00095.jpg → 200 (?ms, 62533B)
[2026-04-28T08:26:21.347Z] GET http://localhost:8080/frames/00096.jpg → 200 (?ms, 63113B)
[2026-04-28T08:26:21.347Z] GET http://localhost:8080/frames/00097.jpg → 200 (?ms, 62841B)
[2026-04-28T08:26:21.347Z] GET http://localhost:8080/frames/00098.jpg → 200 (?ms, 62270B)
[2026-04-28T08:26:21.348Z] GET http://localhost:8080/frames/00099.jpg → 200 (?ms, 62118B)
[2026-04-28T08:26:21.348Z] GET http://localhost:8080/frames/00100.jpg → 200 (?ms, 62271B)
[2026-04-28T08:26:21.348Z] GET http://localhost:8080/frames/00101.jpg → 200 (1ms, 62087B)
[2026-04-28T08:26:21.349Z] GET http://localhost:8080/frames/00102.jpg → 200 (?ms, 61947B)
[2026-04-28T08:26:21.349Z] GET http://localhost:8080/frames/00103.jpg → 200 (?ms, 62053B)
[2026-04-28T08:26:21.350Z] GET http://localhost:8080/frames/00104.jpg → 200 (32ms, 62139B)
[2026-04-28T08:26:21.382Z] GET http://localhost:8080/frames/00105.jpg → 200 (1ms, 61863B)
[2026-04-28T08:26:21.383Z] GET http://localhost:8080/frames/00106.jpg → 200 (?ms, 61537B)
[2026-04-28T08:26:21.383Z] GET http://localhost:8080/frames/00107.jpg → 200 (1ms, 61312B)
[2026-04-28T08:26:21.384Z] GET http://localhost:8080/frames/00108.jpg → 200 (?ms, 60985B)
[2026-04-28T08:26:21.384Z] GET http://localhost:8080/frames/00109.jpg → 200 (1ms, 60537B)
[2026-04-28T08:26:21.385Z] GET http://localhost:8080/frames/00110.jpg → 200 (?ms, 59947B)
[2026-04-28T08:26:21.386Z] GET http://localhost:8080/frames/00111.jpg → 200 (?ms, 59780B)
[2026-04-28T08:26:21.386Z] GET http://localhost:8080/frames/00112.jpg → 200 (?ms, 59561B)
[2026-04-28T08:26:21.387Z] GET http://localhost:8080/frames/00113.jpg → 200 (?ms, 59395B)
[2026-04-28T08:26:21.388Z] GET http://localhost:8080/frames/00114.jpg → 200 (?ms, 59293B)
[2026-04-28T08:26:21.389Z] GET http://localhost:8080/frames/00115.jpg → 200 (?ms, 59144B)
[2026-04-28T08:26:21.389Z] GET http://localhost:8080/frames/00116.jpg → 200 (?ms, 59230B)
[2026-04-28T08:26:21.390Z] GET http://localhost:8080/frames/00117.jpg → 200 (?ms, 59224B)
[2026-04-28T08:26:21.390Z] GET http://localhost:8080/frames/00118.jpg → 200 (?ms, 59165B)
[2026-04-28T08:26:21.391Z] GET http://localhost:8080/frames/00119.jpg → 200 (?ms, 59018B)
[2026-04-28T08:26:21.394Z] GET http://localhost:8080/frames/00120.jpg → 200 (1ms, 59090B)
[2026-04-28T08:26:21.395Z] GET http://localhost:8080/frames/00121.jpg → 200 (?ms, 59280B)
[2026-04-28T08:27:08.849Z] GET http://localhost:8080/ → 200 (6ms, 23155B)
[2026-04-28T08:27:08.887Z] GET https://fonts.googleapis.com/css2?family=Bebas+Neue&family=Share+Tech+Mono&family=Cormorant+Garamond:ital,wght@0,300;0,400;1,300&display=swap → 200 (1ms, 7432B)
[2026-04-28T08:27:08.889Z] GET http://localhost:8080/style.css → 304 (?ms, ?B)
[2026-04-28T08:27:08.889Z] GET http://localhost:8080/main.js → 200 (?ms, 21711B)
[2026-04-28T08:27:08.892Z] GET https://unpkg.com/three@0.170.0/build/three.module.js → 200 (?ms, 1314681B)
[2026-04-28T08:27:08.892Z] GET https://unpkg.com/three@0.170.0/examples/jsm/renderers/CSS3DRenderer.js → 200 (?ms, 8092B)
[2026-04-28T08:27:08.958Z] GET https://fonts.gstatic.com/s/bebasneue/v16/JTUSjIg69CK48gW7PXoo9Wlhyw.woff2 → 200 (?ms, ?B)
[2026-04-28T08:27:08.958Z] GET https://fonts.gstatic.com/s/cormorantgaramond/v21/co3smX5slCNuHLi8bLeY9MK7whWMhyjYrGFEsdtdc62E6zd5rDD-iNM8.woff2 → 200 (6ms, ?B)
[2026-04-28T08:27:08.964Z] GET https://fonts.gstatic.com/s/cormorantgaramond/v21/co3bmX5slCNuHLi8bLeY9MK7whWMhyjYqXtK.woff2 → 200 (?ms, ?B)
[2026-04-28T08:27:08.965Z] GET https://fonts.gstatic.com/s/sharetechmono/v16/J7aHnp1uDWRBEqV98dVQztYldFcLowEF.woff2 → 200 (?ms, ?B)
[2026-04-28T08:27:08.965Z] GET http://localhost:8080/assets/ba-before.png → 200 (1ms, 878838B)
[2026-04-28T08:27:08.966Z] GET http://localhost:8080/assets/ba-after.png → 200 (?ms, 771458B)
[2026-04-28T08:27:08.967Z] GET http://localhost:8080/assets/dent-before.png → 200 (?ms, 794201B)
[2026-04-28T08:27:08.967Z] GET http://localhost:8080/assets/dent-after.png → 200 (?ms, 622050B)
[2026-04-28T08:27:08.967Z] GET http://localhost:8080/assets/bumper-before.png → 200 (?ms, 853805B)
[2026-04-28T08:27:08.968Z] GET http://localhost:8080/assets/bumper-after.png → 200 (?ms, 655425B)
[2026-04-28T08:27:08.968Z] GET http://localhost:8080/assets/paint-before.png → 200 (?ms, 887966B)
[2026-04-28T08:27:08.969Z] GET http://localhost:8080/assets/paint-after.png → 200 (?ms, 701922B)
[2026-04-28T08:27:08.969Z] GET http://localhost:8080/assets/scratch-before.png → 200 (?ms, 726803B)
[2026-04-28T08:27:08.969Z] GET http://localhost:8080/assets/scratch-after.png → 200 (?ms, 625778B)
[2026-04-28T08:27:08.970Z] GET http://localhost:8080/assets/accident-before.png → 200 (?ms, 790054B)
[2026-04-28T08:27:08.981Z] GET http://localhost:8080/assets/polish-before.png → 200 (?ms, 783168B)
[2026-04-28T08:27:08.981Z] GET http://localhost:8080/assets/polish-after.png → 200 (1ms, 689438B)
[2026-04-28T08:27:08.982Z] GET http://localhost:8080/frames/00001.jpg → 200 (?ms, 71458B)
[2026-04-28T08:27:08.982Z] GET http://localhost:8080/frames/00002.jpg → 200 (?ms, 81199B)
[2026-04-28T08:27:08.983Z] GET http://localhost:8080/frames/00003.jpg → 200 (?ms, 107524B)
[2026-04-28T08:27:08.983Z] GET http://localhost:8080/frames/00004.jpg → 200 (?ms, 97995B)
[2026-04-28T08:27:08.984Z] GET http://localhost:8080/frames/00005.jpg → 200 (?ms, 82965B)
[2026-04-28T08:27:08.984Z] GET http://localhost:8080/frames/00006.jpg → 200 (?ms, 73803B)
[2026-04-28T08:27:08.985Z] GET http://localhost:8080/frames/00007.jpg → 200 (?ms, 64006B)
[2026-04-28T08:27:08.985Z] GET http://localhost:8080/frames/00008.jpg → 200 (?ms, 57629B)
[2026-04-28T08:27:08.986Z] GET http://localhost:8080/frames/00009.jpg → 200 (?ms, 53011B)
[2026-04-28T08:27:08.986Z] GET http://localhost:8080/frames/00010.jpg → 200 (?ms, 49335B)
[2026-04-28T08:27:08.986Z] GET http://localhost:8080/frames/00011.jpg → 200 (1ms, 46359B)
[2026-04-28T08:27:08.987Z] GET http://localhost:8080/frames/00012.jpg → 200 (?ms, 45637B)
[2026-04-28T08:27:08.987Z] GET http://localhost:8080/frames/00013.jpg → 200 (?ms, 45685B)
[2026-04-28T08:27:08.988Z] GET http://localhost:8080/frames/00014.jpg → 200 (?ms, 45761B)
[2026-04-28T08:27:08.988Z] GET http://localhost:8080/frames/00015.jpg → 200 (?ms, 45776B)
[2026-04-28T08:27:08.988Z] GET http://localhost:8080/frames/00016.jpg → 200 (?ms, 45814B)
[2026-04-28T08:27:08.989Z] GET http://localhost:8080/frames/00017.jpg → 200 (?ms, 45844B)
[2026-04-28T08:27:08.989Z] GET http://localhost:8080/frames/00018.jpg → 200 (?ms, 45926B)
[2026-04-28T08:27:08.989Z] GET http://localhost:8080/frames/00019.jpg → 200 (?ms, 45833B)
[2026-04-28T08:27:08.989Z] GET http://localhost:8080/frames/00020.jpg → 200 (?ms, 45567B)
[2026-04-28T08:27:08.990Z] GET http://localhost:8080/frames/00021.jpg → 200 (?ms, 45748B)
[2026-04-28T08:27:08.990Z] GET http://localhost:8080/frames/00022.jpg → 200 (?ms, 45758B)
[2026-04-28T08:27:08.990Z] GET http://localhost:8080/frames/00023.jpg → 200 (?ms, 45863B)
[2026-04-28T08:27:08.990Z] GET http://localhost:8080/frames/00024.jpg → 200 (?ms, 45984B)
[2026-04-28T08:27:08.991Z] GET http://localhost:8080/frames/00025.jpg → 200 (?ms, 46049B)
[2026-04-28T08:27:08.991Z] GET http://localhost:8080/frames/00026.jpg → 200 (?ms, 46189B)
[2026-04-28T08:27:08.991Z] GET http://localhost:8080/frames/00027.jpg → 200 (?ms, 46137B)
[2026-04-28T08:27:08.991Z] GET http://localhost:8080/frames/00028.jpg → 200 (?ms, 46134B)
[2026-04-28T08:27:08.992Z] GET http://localhost:8080/frames/00029.jpg → 200 (?ms, 46201B)
[2026-04-28T08:27:08.992Z] GET http://localhost:8080/frames/00030.jpg → 200 (?ms, 46244B)
[2026-04-28T08:27:08.992Z] GET http://localhost:8080/frames/00031.jpg → 200 (17ms, 46269B)
[2026-04-28T08:27:09.009Z] GET http://localhost:8080/frames/00032.jpg → 200 (?ms, 46331B)
[2026-04-28T08:27:09.010Z] GET http://localhost:8080/frames/00033.jpg → 200 (?ms, 46598B)
[2026-04-28T08:27:09.010Z] GET http://localhost:8080/frames/00034.jpg → 200 (?ms, 46418B)
[2026-04-28T08:27:09.010Z] GET http://localhost:8080/frames/00035.jpg → 200 (?ms, 46287B)
[2026-04-28T08:27:09.010Z] GET http://localhost:8080/frames/00036.jpg → 200 (?ms, 46285B)
[2026-04-28T08:27:09.011Z] GET http://localhost:8080/frames/00037.jpg → 200 (?ms, 46482B)
[2026-04-28T08:27:09.011Z] GET http://localhost:8080/frames/00038.jpg → 200 (?ms, 46457B)
[2026-04-28T08:27:09.011Z] GET http://localhost:8080/frames/00039.jpg → 200 (?ms, 46257B)
[2026-04-28T08:27:09.011Z] GET http://localhost:8080/frames/00040.jpg → 200 (?ms, 46184B)
[2026-04-28T08:27:09.011Z] GET http://localhost:8080/frames/00041.jpg → 200 (1ms, 45894B)
[2026-04-28T08:27:09.012Z] GET http://localhost:8080/frames/00042.jpg → 200 (?ms, 45364B)
[2026-04-28T08:27:09.012Z] GET http://localhost:8080/frames/00043.jpg → 200 (?ms, 45360B)
[2026-04-28T08:27:09.012Z] GET http://localhost:8080/frames/00044.jpg → 200 (?ms, 45299B)
[2026-04-28T08:27:09.013Z] GET http://localhost:8080/frames/00045.jpg → 200 (?ms, 45126B)
[2026-04-28T08:27:09.013Z] GET http://localhost:8080/frames/00046.jpg → 200 (?ms, 44581B)
[2026-04-28T08:27:09.013Z] GET http://localhost:8080/frames/00047.jpg → 200 (?ms, 44437B)
[2026-04-28T08:27:09.014Z] GET http://localhost:8080/frames/00048.jpg → 200 (?ms, 44267B)
[2026-04-28T08:27:09.014Z] GET http://localhost:8080/frames/00049.jpg → 200 (?ms, 44010B)
[2026-04-28T08:27:09.014Z] GET http://localhost:8080/frames/00050.jpg → 200 (?ms, 43777B)
[2026-04-28T08:27:09.015Z] GET http://localhost:8080/frames/00051.jpg → 200 (?ms, 44017B)
[2026-04-28T08:27:09.015Z] GET http://localhost:8080/frames/00052.jpg → 200 (?ms, 44632B)
[2026-04-28T08:27:09.015Z] GET http://localhost:8080/frames/00053.jpg → 200 (1ms, 44843B)
[2026-04-28T08:27:09.016Z] GET http://localhost:8080/frames/00054.jpg → 200 (?ms, 44566B)
[2026-04-28T08:27:09.016Z] GET http://localhost:8080/frames/00055.jpg → 200 (?ms, 44682B)
[2026-04-28T08:27:09.017Z] GET http://localhost:8080/frames/00056.jpg → 200 (?ms, 44617B)
[2026-04-28T08:27:09.018Z] GET http://localhost:8080/frames/00057.jpg → 200 (?ms, 44353B)
[2026-04-28T08:27:09.018Z] GET http://localhost:8080/frames/00058.jpg → 200 (?ms, 43854B)
[2026-04-28T08:27:09.019Z] GET http://localhost:8080/frames/00059.jpg → 200 (?ms, 43908B)
[2026-04-28T08:27:09.019Z] GET http://localhost:8080/frames/00060.jpg → 200 (?ms, 43917B)
[2026-04-28T08:27:09.020Z] GET http://localhost:8080/frames/00061.jpg → 200 (?ms, 43961B)
[2026-04-28T08:27:09.020Z] GET http://localhost:8080/frames/00062.jpg → 200 (?ms, 43228B)
[2026-04-28T08:27:09.020Z] GET http://localhost:8080/frames/00063.jpg → 200 (?ms, 43367B)
[2026-04-28T08:27:09.021Z] GET http://localhost:8080/frames/00064.jpg → 200 (?ms, 43049B)
[2026-04-28T08:27:09.021Z] GET http://localhost:8080/frames/00065.jpg → 200 (?ms, 41873B)
[2026-04-28T08:27:09.021Z] GET http://localhost:8080/frames/00066.jpg → 200 (?ms, 40664B)
[2026-04-28T08:27:09.022Z] GET http://localhost:8080/frames/00067.jpg → 200 (?ms, 40269B)
[2026-04-28T08:27:09.037Z] GET http://localhost:8080/frames/00068.jpg → 200 (?ms, 40447B)
[2026-04-28T08:27:09.037Z] GET http://localhost:8080/frames/00069.jpg → 200 (?ms, 40392B)
[2026-04-28T08:27:09.037Z] GET http://localhost:8080/frames/00070.jpg → 200 (?ms, 40659B)
[2026-04-28T08:27:09.038Z] GET http://localhost:8080/frames/00071.jpg → 200 (?ms, 42269B)
[2026-04-28T08:27:09.039Z] GET http://localhost:8080/frames/00072.jpg → 200 (?ms, 44695B)
[2026-04-28T08:27:09.039Z] GET http://localhost:8080/frames/00073.jpg → 200 (?ms, 44207B)
[2026-04-28T08:27:09.040Z] GET http://localhost:8080/frames/00074.jpg → 200 (?ms, 43440B)
[2026-04-28T08:27:09.040Z] GET http://localhost:8080/frames/00075.jpg → 200 (?ms, 45363B)
[2026-04-28T08:27:09.041Z] GET http://localhost:8080/frames/00076.jpg → 200 (?ms, 47082B)
[2026-04-28T08:27:09.041Z] GET http://localhost:8080/frames/00077.jpg → 200 (?ms, 47636B)
[2026-04-28T08:27:09.042Z] GET http://localhost:8080/frames/00078.jpg → 200 (?ms, 47726B)
[2026-04-28T08:27:09.042Z] GET http://localhost:8080/frames/00079.jpg → 200 (?ms, 50470B)
[2026-04-28T08:27:09.043Z] GET http://localhost:8080/frames/00080.jpg → 200 (?ms, 52475B)
[2026-04-28T08:27:09.043Z] GET http://localhost:8080/frames/00081.jpg → 200 (?ms, 52497B)
[2026-04-28T08:27:09.044Z] GET http://localhost:8080/frames/00082.jpg → 200 (?ms, 51545B)
[2026-04-28T08:27:09.044Z] GET http://localhost:8080/frames/00083.jpg → 200 (?ms, 54215B)
[2026-04-28T08:27:09.044Z] GET http://localhost:8080/frames/00084.jpg → 200 (?ms, 55983B)
[2026-04-28T08:27:09.045Z] GET http://localhost:8080/frames/00085.jpg → 200 (?ms, 56623B)
[2026-04-28T08:27:09.045Z] GET http://localhost:8080/frames/00086.jpg → 200 (?ms, 56499B)
[2026-04-28T08:27:09.045Z] GET http://localhost:8080/frames/00087.jpg → 200 (?ms, 58649B)
[2026-04-28T08:27:09.046Z] GET http://localhost:8080/frames/00088.jpg → 200 (?ms, 60059B)
[2026-04-28T08:27:09.046Z] GET http://localhost:8080/frames/00089.jpg → 200 (?ms, 59590B)
[2026-04-28T08:27:09.046Z] GET http://localhost:8080/frames/00090.jpg → 200 (?ms, 59104B)
[2026-04-28T08:27:09.047Z] GET http://localhost:8080/frames/00091.jpg → 200 (?ms, 59580B)
[2026-04-28T08:27:09.047Z] GET http://localhost:8080/frames/00092.jpg → 200 (?ms, 60478B)
[2026-04-28T08:27:09.048Z] GET http://localhost:8080/frames/00093.jpg → 200 (?ms, 61096B)
[2026-04-28T08:27:09.048Z] GET http://localhost:8080/frames/00094.jpg → 200 (?ms, 61569B)
[2026-04-28T08:27:09.049Z] GET http://localhost:8080/frames/00095.jpg → 200 (?ms, 62533B)
[2026-04-28T08:27:09.049Z] GET http://localhost:8080/frames/00096.jpg → 200 (?ms, 63113B)
[2026-04-28T08:27:09.049Z] GET http://localhost:8080/frames/00097.jpg → 200 (?ms, 62841B)
[2026-04-28T08:27:09.050Z] GET http://localhost:8080/frames/00098.jpg → 200 (?ms, 62270B)
[2026-04-28T08:27:09.050Z] GET http://localhost:8080/frames/00099.jpg → 200 (20ms, 62118B)
[2026-04-28T08:27:09.070Z] GET http://localhost:8080/frames/00100.jpg → 200 (?ms, 62271B)
[2026-04-28T08:27:09.071Z] GET http://localhost:8080/frames/00101.jpg → 200 (?ms, 62087B)
[2026-04-28T08:27:09.071Z] GET http://localhost:8080/frames/00102.jpg → 200 (?ms, 61947B)
[2026-04-28T08:27:09.071Z] GET http://localhost:8080/frames/00103.jpg → 200 (1ms, 62053B)
[2026-04-28T08:27:09.072Z] GET http://localhost:8080/frames/00104.jpg → 200 (?ms, 62139B)
[2026-04-28T08:27:09.072Z] GET http://localhost:8080/frames/00105.jpg → 200 (?ms, 61863B)
[2026-04-28T08:27:09.073Z] GET http://localhost:8080/frames/00106.jpg → 200 (?ms, 61537B)
[2026-04-28T08:27:09.074Z] GET http://localhost:8080/frames/00107.jpg → 200 (?ms, 61312B)
[2026-04-28T08:27:09.074Z] GET http://localhost:8080/frames/00108.jpg → 200 (?ms, 60985B)
[2026-04-28T08:27:09.075Z] GET http://localhost:8080/frames/00109.jpg → 200 (?ms, 60537B)
[2026-04-28T08:27:09.075Z] GET http://localhost:8080/frames/00110.jpg → 200 (?ms, 59947B)
[2026-04-28T08:27:09.075Z] GET http://localhost:8080/frames/00111.jpg → 200 (1ms, 59780B)
[2026-04-28T08:27:09.076Z] GET http://localhost:8080/frames/00112.jpg → 200 (?ms, 59561B)
[2026-04-28T08:27:09.076Z] GET http://localhost:8080/frames/00113.jpg → 200 (?ms, 59395B)
[2026-04-28T08:27:09.076Z] GET http://localhost:8080/frames/00114.jpg → 200 (?ms, 59293B)
[2026-04-28T08:27:09.079Z] GET http://localhost:8080/frames/00115.jpg → 200 (?ms, 59144B)
[2026-04-28T08:27:09.079Z] GET http://localhost:8080/frames/00116.jpg → 200 (?ms, 59230B)
[2026-04-28T08:27:09.080Z] GET http://localhost:8080/frames/00117.jpg → 200 (?ms, 59224B)
[2026-04-28T08:27:09.080Z] GET http://localhost:8080/frames/00118.jpg → 200 (?ms, 59165B)
[2026-04-28T08:27:09.080Z] GET http://localhost:8080/frames/00119.jpg → 200 (?ms, 59018B)
[2026-04-28T08:27:09.081Z] GET http://localhost:8080/frames/00120.jpg → 200 (?ms, 59090B)
[2026-04-28T08:27:09.081Z] GET http://localhost:8080/frames/00121.jpg → 200 (?ms, 59280B)
[2026-04-28T08:28:53.164Z] GET http://localhost:8080/ → 200 (4ms, 23155B)
[2026-04-28T08:28:53.183Z] GET https://fonts.googleapis.com/css2?family=Bebas+Neue&family=Share+Tech+Mono&family=Cormorant+Garamond:ital,wght@0,300;0,400;1,300&display=swap → 200 (?ms, 7432B)
[2026-04-28T08:28:53.184Z] GET http://localhost:8080/style.css → 304 (4ms, ?B)
[2026-04-28T08:28:53.186Z] GET http://localhost:8080/main.js → 304 (3ms, ?B)
[2026-04-28T08:28:53.189Z] GET https://unpkg.com/three@0.170.0/build/three.module.js → 200 (?ms, 1314681B)
[2026-04-28T08:28:53.189Z] GET https://unpkg.com/three@0.170.0/examples/jsm/renderers/CSS3DRenderer.js → 200 (1ms, 8092B)
[2026-04-28T08:28:53.220Z] GET https://fonts.gstatic.com/s/bebasneue/v16/JTUSjIg69CK48gW7PXoo9Wlhyw.woff2 → 200 (?ms, ?B)
[2026-04-28T08:28:53.220Z] GET https://fonts.gstatic.com/s/cormorantgaramond/v21/co3smX5slCNuHLi8bLeY9MK7whWMhyjYrGFEsdtdc62E6zd5rDD-iNM8.woff2 → 200 (7ms, ?B)
[2026-04-28T08:28:53.228Z] GET https://fonts.gstatic.com/s/cormorantgaramond/v21/co3bmX5slCNuHLi8bLeY9MK7whWMhyjYqXtK.woff2 → 200 (?ms, ?B)
[2026-04-28T08:28:53.228Z] GET https://fonts.gstatic.com/s/sharetechmono/v16/J7aHnp1uDWRBEqV98dVQztYldFcLowEF.woff2 → 200 (?ms, ?B)
[2026-04-28T08:28:53.228Z] GET http://localhost:8080/assets/ba-before.png → 200 (?ms, 878838B)
[2026-04-28T08:28:53.229Z] GET http://localhost:8080/assets/ba-after.png → 200 (?ms, 771458B)
[2026-04-28T08:28:53.229Z] GET http://localhost:8080/assets/dent-before.png → 200 (?ms, 794201B)
[2026-04-28T08:28:53.229Z] GET http://localhost:8080/assets/dent-after.png → 200 (?ms, 622050B)
[2026-04-28T08:28:53.230Z] GET http://localhost:8080/assets/bumper-before.png → 200 (?ms, 853805B)
[2026-04-28T08:28:53.230Z] GET http://localhost:8080/assets/bumper-after.png → 200 (?ms, 655425B)
[2026-04-28T08:28:53.230Z] GET http://localhost:8080/assets/paint-before.png → 200 (?ms, 887966B)
[2026-04-28T08:28:53.231Z] GET http://localhost:8080/assets/paint-after.png → 200 (?ms, 701922B)
[2026-04-28T08:28:53.231Z] GET http://localhost:8080/assets/scratch-before.png → 200 (?ms, 726803B)
[2026-04-28T08:28:53.232Z] GET http://localhost:8080/assets/scratch-after.png → 200 (?ms, 625778B)
[2026-04-28T08:28:53.233Z] GET http://localhost:8080/assets/accident-before.png → 200 (?ms, 790054B)
[2026-04-28T08:28:53.233Z] GET http://localhost:8080/assets/polish-before.png → 200 (?ms, 783168B)
[2026-04-28T08:28:53.233Z] GET http://localhost:8080/assets/polish-after.png → 200 (12ms, 689438B)
[2026-04-28T08:28:53.245Z] GET http://localhost:8080/frames/00001.jpg → 200 (?ms, 71458B)
[2026-04-28T08:28:53.245Z] GET http://localhost:8080/frames/00002.jpg → 200 (?ms, 81199B)
[2026-04-28T08:28:53.246Z] GET http://localhost:8080/frames/00003.jpg → 200 (?ms, 107524B)
[2026-04-28T08:28:53.246Z] GET http://localhost:8080/frames/00004.jpg → 200 (?ms, 97995B)
[2026-04-28T08:28:53.246Z] GET http://localhost:8080/frames/00005.jpg → 200 (?ms, 82965B)
[2026-04-28T08:28:53.246Z] GET http://localhost:8080/frames/00006.jpg → 200 (?ms, 73803B)
[2026-04-28T08:28:53.247Z] GET http://localhost:8080/frames/00007.jpg → 200 (?ms, 64006B)
[2026-04-28T08:28:53.247Z] GET http://localhost:8080/frames/00008.jpg → 200 (?ms, 57629B)
[2026-04-28T08:28:53.247Z] GET http://localhost:8080/frames/00009.jpg → 200 (?ms, 53011B)
[2026-04-28T08:28:53.247Z] GET http://localhost:8080/frames/00010.jpg → 200 (?ms, 49335B)
[2026-04-28T08:28:53.248Z] GET http://localhost:8080/frames/00011.jpg → 200 (?ms, 46359B)
[2026-04-28T08:28:53.248Z] GET http://localhost:8080/frames/00012.jpg → 200 (?ms, 45637B)
[2026-04-28T08:28:53.248Z] GET http://localhost:8080/frames/00013.jpg → 200 (?ms, 45685B)
[2026-04-28T08:28:53.248Z] GET http://localhost:8080/frames/00014.jpg → 200 (?ms, 45761B)
[2026-04-28T08:28:53.249Z] GET http://localhost:8080/frames/00015.jpg → 200 (?ms, 45776B)
[2026-04-28T08:28:53.249Z] GET http://localhost:8080/frames/00016.jpg → 200 (?ms, 45814B)
[2026-04-28T08:28:53.249Z] GET http://localhost:8080/frames/00017.jpg → 200 (?ms, 45844B)
[2026-04-28T08:28:53.250Z] GET http://localhost:8080/frames/00018.jpg → 200 (?ms, 45926B)
[2026-04-28T08:28:53.250Z] GET http://localhost:8080/frames/00019.jpg → 200 (?ms, 45833B)
[2026-04-28T08:28:53.250Z] GET http://localhost:8080/frames/00020.jpg → 200 (?ms, 45567B)
[2026-04-28T08:28:53.250Z] GET http://localhost:8080/frames/00021.jpg → 200 (?ms, 45748B)
[2026-04-28T08:28:53.251Z] GET http://localhost:8080/frames/00022.jpg → 200 (1ms, 45758B)
[2026-04-28T08:28:53.252Z] GET http://localhost:8080/frames/00023.jpg → 200 (?ms, 45863B)
[2026-04-28T08:28:53.252Z] GET http://localhost:8080/frames/00024.jpg → 200 (?ms, 45984B)
[2026-04-28T08:28:53.252Z] GET http://localhost:8080/frames/00025.jpg → 200 (?ms, 46049B)
[2026-04-28T08:28:53.253Z] GET http://localhost:8080/frames/00026.jpg → 200 (?ms, 46189B)
[2026-04-28T08:28:53.253Z] GET http://localhost:8080/frames/00027.jpg → 200 (?ms, 46137B)
[2026-04-28T08:28:53.253Z] GET http://localhost:8080/frames/00028.jpg → 200 (?ms, 46134B)
[2026-04-28T08:28:53.254Z] GET http://localhost:8080/frames/00029.jpg → 200 (?ms, 46201B)
[2026-04-28T08:28:53.254Z] GET http://localhost:8080/frames/00030.jpg → 200 (?ms, 46244B)
[2026-04-28T08:28:53.254Z] GET http://localhost:8080/frames/00031.jpg → 200 (?ms, 46269B)
[2026-04-28T08:28:53.255Z] GET http://localhost:8080/frames/00032.jpg → 200 (?ms, 46331B)
[2026-04-28T08:28:53.255Z] GET http://localhost:8080/frames/00033.jpg → 200 (?ms, 46598B)
[2026-04-28T08:28:53.255Z] GET http://localhost:8080/frames/00034.jpg → 200 (?ms, 46418B)
[2026-04-28T08:28:53.256Z] GET http://localhost:8080/frames/00035.jpg → 200 (?ms, 46287B)
[2026-04-28T08:28:53.256Z] GET http://localhost:8080/frames/00036.jpg → 200 (?ms, 46285B)
[2026-04-28T08:28:53.256Z] GET http://localhost:8080/frames/00037.jpg → 200 (?ms, 46482B)
[2026-04-28T08:28:53.256Z] GET http://localhost:8080/frames/00038.jpg → 200 (1ms, 46457B)
[2026-04-28T08:28:53.257Z] GET http://localhost:8080/frames/00039.jpg → 200 (?ms, 46257B)
[2026-04-28T08:28:53.276Z] GET http://localhost:8080/frames/00040.jpg → 200 (?ms, 46184B)
[2026-04-28T08:28:53.277Z] GET http://localhost:8080/frames/00041.jpg → 200 (?ms, 45894B)
[2026-04-28T08:28:53.277Z] GET http://localhost:8080/frames/00042.jpg → 200 (1ms, 45364B)
[2026-04-28T08:28:53.278Z] GET http://localhost:8080/frames/00043.jpg → 200 (?ms, 45360B)
[2026-04-28T08:28:53.278Z] GET http://localhost:8080/frames/00044.jpg → 200 (?ms, 45299B)
[2026-04-28T08:28:53.278Z] GET http://localhost:8080/frames/00045.jpg → 200 (?ms, 45126B)
[2026-04-28T08:28:53.279Z] GET http://localhost:8080/frames/00046.jpg → 200 (?ms, 44581B)
[2026-04-28T08:28:53.279Z] GET http://localhost:8080/frames/00047.jpg → 200 (?ms, 44437B)
[2026-04-28T08:28:53.279Z] GET http://localhost:8080/frames/00048.jpg → 200 (?ms, 44267B)
[2026-04-28T08:28:53.279Z] GET http://localhost:8080/frames/00049.jpg → 200 (1ms, 44010B)
[2026-04-28T08:28:53.280Z] GET http://localhost:8080/frames/00050.jpg → 200 (?ms, 43777B)
[2026-04-28T08:28:53.280Z] GET http://localhost:8080/frames/00051.jpg → 200 (?ms, 44017B)
[2026-04-28T08:28:53.280Z] GET http://localhost:8080/frames/00052.jpg → 200 (?ms, 44632B)
[2026-04-28T08:28:53.281Z] GET http://localhost:8080/frames/00053.jpg → 200 (?ms, 44843B)
[2026-04-28T08:28:53.281Z] GET http://localhost:8080/frames/00054.jpg → 200 (?ms, 44566B)
[2026-04-28T08:28:53.281Z] GET http://localhost:8080/frames/00055.jpg → 200 (?ms, 44682B)
[2026-04-28T08:28:53.281Z] GET http://localhost:8080/frames/00056.jpg → 200 (1ms, 44617B)
[2026-04-28T08:28:53.282Z] GET http://localhost:8080/frames/00057.jpg → 200 (?ms, 44353B)
[2026-04-28T08:28:53.282Z] GET http://localhost:8080/frames/00058.jpg → 200 (?ms, 43854B)
[2026-04-28T08:28:53.283Z] GET http://localhost:8080/frames/00059.jpg → 200 (?ms, 43908B)
[2026-04-28T08:28:53.283Z] GET http://localhost:8080/frames/00060.jpg → 200 (?ms, 43917B)
[2026-04-28T08:28:53.283Z] GET http://localhost:8080/frames/00061.jpg → 200 (?ms, 43961B)
[2026-04-28T08:28:53.284Z] GET http://localhost:8080/frames/00062.jpg → 200 (?ms, 43228B)
[2026-04-28T08:28:53.284Z] GET http://localhost:8080/frames/00063.jpg → 200 (?ms, 43367B)
[2026-04-28T08:28:53.284Z] GET http://localhost:8080/frames/00064.jpg → 200 (?ms, 43049B)
[2026-04-28T08:28:53.284Z] GET http://localhost:8080/frames/00065.jpg → 200 (?ms, 41873B)
[2026-04-28T08:28:53.285Z] GET http://localhost:8080/frames/00066.jpg → 200 (?ms, 40664B)
[2026-04-28T08:28:53.285Z] GET http://localhost:8080/frames/00067.jpg → 200 (?ms, 40269B)
[2026-04-28T08:28:53.285Z] GET http://localhost:8080/frames/00068.jpg → 200 (?ms, 40447B)
[2026-04-28T08:28:53.285Z] GET http://localhost:8080/frames/00069.jpg → 200 (?ms, 40392B)
[2026-04-28T08:28:53.286Z] GET http://localhost:8080/frames/00070.jpg → 200 (?ms, 40659B)
[2026-04-28T08:28:53.286Z] GET http://localhost:8080/frames/00071.jpg → 200 (?ms, 42269B)
[2026-04-28T08:28:53.286Z] GET http://localhost:8080/frames/00072.jpg → 200 (?ms, 44695B)
[2026-04-28T08:28:53.286Z] GET http://localhost:8080/frames/00073.jpg → 200 (?ms, 44207B)
[2026-04-28T08:28:53.287Z] GET http://localhost:8080/frames/00074.jpg → 200 (?ms, 43440B)
[2026-04-28T08:28:53.287Z] GET http://localhost:8080/frames/00075.jpg → 200 (?ms, 45363B)
[2026-04-28T08:28:53.287Z] GET http://localhost:8080/frames/00076.jpg → 200 (?ms, 47082B)
[2026-04-28T08:28:53.308Z] GET http://localhost:8080/frames/00077.jpg → 200 (?ms, 47636B)
[2026-04-28T08:28:53.308Z] GET http://localhost:8080/frames/00078.jpg → 200 (?ms, 47726B)
[2026-04-28T08:28:53.308Z] GET http://localhost:8080/frames/00079.jpg → 200 (?ms, 50470B)
[2026-04-28T08:28:53.308Z] GET http://localhost:8080/frames/00080.jpg → 200 (1ms, 52475B)
[2026-04-28T08:28:53.309Z] GET http://localhost:8080/frames/00081.jpg → 200 (?ms, 52497B)
[2026-04-28T08:28:53.309Z] GET http://localhost:8080/frames/00082.jpg → 200 (?ms, 51545B)
[2026-04-28T08:28:53.309Z] GET http://localhost:8080/frames/00083.jpg → 200 (?ms, 54215B)
[2026-04-28T08:28:53.310Z] GET http://localhost:8080/frames/00084.jpg → 200 (?ms, 55983B)
[2026-04-28T08:28:53.310Z] GET http://localhost:8080/frames/00085.jpg → 200 (?ms, 56623B)
[2026-04-28T08:28:53.310Z] GET http://localhost:8080/frames/00086.jpg → 200 (?ms, 56499B)
[2026-04-28T08:28:53.310Z] GET http://localhost:8080/frames/00087.jpg → 200 (?ms, 58649B)
[2026-04-28T08:28:53.313Z] GET http://localhost:8080/frames/00088.jpg → 200 (?ms, 60059B)
[2026-04-28T08:28:53.313Z] GET http://localhost:8080/frames/00089.jpg → 200 (?ms, 59590B)
[2026-04-28T08:28:53.313Z] GET http://localhost:8080/frames/00090.jpg → 200 (?ms, 59104B)
[2026-04-28T08:28:53.313Z] GET http://localhost:8080/frames/00091.jpg → 200 (?ms, 59580B)
[2026-04-28T08:28:53.314Z] GET http://localhost:8080/frames/00092.jpg → 200 (?ms, 60478B)
[2026-04-28T08:28:53.314Z] GET http://localhost:8080/frames/00093.jpg → 200 (?ms, 61096B)
[2026-04-28T08:28:53.314Z] GET http://localhost:8080/frames/00094.jpg → 200 (?ms, 61569B)
[2026-04-28T08:28:53.314Z] GET http://localhost:8080/frames/00095.jpg → 200 (?ms, 62533B)
[2026-04-28T08:28:53.315Z] GET http://localhost:8080/frames/00096.jpg → 200 (?ms, 63113B)
[2026-04-28T08:28:53.315Z] GET http://localhost:8080/frames/00097.jpg → 200 (?ms, 62841B)
[2026-04-28T08:28:53.315Z] GET http://localhost:8080/frames/00098.jpg → 200 (?ms, 62270B)
[2026-04-28T08:28:53.315Z] GET http://localhost:8080/frames/00099.jpg → 200 (?ms, 62118B)
[2026-04-28T08:28:53.316Z] GET http://localhost:8080/frames/00100.jpg → 200 (?ms, 62271B)
[2026-04-28T08:28:53.316Z] GET http://localhost:8080/frames/00101.jpg → 200 (?ms, 62087B)
[2026-04-28T08:28:53.316Z] GET http://localhost:8080/frames/00102.jpg → 200 (?ms, 61947B)
[2026-04-28T08:28:53.316Z] GET http://localhost:8080/frames/00103.jpg → 200 (?ms, 62053B)
[2026-04-28T08:28:53.316Z] GET http://localhost:8080/frames/00104.jpg → 200 (?ms, 62139B)
[2026-04-28T08:28:53.316Z] GET http://localhost:8080/frames/00105.jpg → 200 (?ms, 61863B)
[2026-04-28T08:28:53.317Z] GET http://localhost:8080/frames/00106.jpg → 200 (?ms, 61537B)
[2026-04-28T08:28:53.317Z] GET http://localhost:8080/frames/00107.jpg → 200 (?ms, 61312B)
[2026-04-28T08:28:53.317Z] GET http://localhost:8080/frames/00108.jpg → 200 (?ms, 60985B)
[2026-04-28T08:28:53.317Z] GET http://localhost:8080/frames/00109.jpg → 200 (?ms, 60537B)
[2026-04-28T08:28:53.317Z] GET http://localhost:8080/frames/00110.jpg → 200 (?ms, 59947B)
[2026-04-28T08:28:53.318Z] GET http://localhost:8080/frames/00111.jpg → 200 (?ms, 59780B)
[2026-04-28T08:28:53.318Z] GET http://localhost:8080/frames/00112.jpg → 200 (?ms, 59561B)
[2026-04-28T08:28:53.318Z] GET http://localhost:8080/frames/00113.jpg → 200 (22ms, 59395B)
[2026-04-28T08:28:53.341Z] GET http://localhost:8080/frames/00114.jpg → 200 (?ms, 59293B)
[2026-04-28T08:28:53.342Z] GET http://localhost:8080/frames/00115.jpg → 200 (?ms, 59144B)
[2026-04-28T08:28:53.342Z] GET http://localhost:8080/frames/00116.jpg → 200 (?ms, 59230B)
[2026-04-28T08:28:53.342Z] GET http://localhost:8080/frames/00117.jpg → 200 (1ms, 59224B)
[2026-04-28T08:28:53.343Z] GET http://localhost:8080/frames/00118.jpg → 200 (?ms, 59165B)
[2026-04-28T08:28:53.344Z] GET http://localhost:8080/frames/00119.jpg → 200 (?ms, 59018B)
[2026-04-28T08:28:53.345Z] GET http://localhost:8080/frames/00120.jpg → 200 (?ms, 59090B)
[2026-04-28T08:28:53.345Z] GET http://localhost:8080/frames/00121.jpg → 200 (?ms, 59280B)
